// Jest Snapshot v1, https://goo.gl/fbAQLP

exports[`ModalView snapshot should renders default ModalView 1`] = `
<div
  className="containers modal-container"
>
  <[object Object]
    hasCloseButton={false}
    isBlocking={true}
    isFullscreenScroll={true}
    isOpen={true}
    onClose={[MockFunction]}
    title=""
  >
    <ModalDialog.Header>
      <ModalDialog.Title
        className="mt-2"
      >
        Thank you for your interest!
      </ModalDialog.Title>
    </ModalDialog.Header>
    <ModalDialog.Body>
      <div>
        <p
          className="mt-2"
        >
          Personalized recommendations feature is not yet available. We are working hard on bringing it to your learner home in the near future.
        </p>
        <p>
          Would you like to be alerted when it becomes available?
        </p>
      </div>
    </ModalDialog.Body>
    <ModalDialog.Footer>
      <ActionRow>
        <ModalDialog.CloseButton
          onClick={[Function]}
          variant="tertiary"
        >
          Skip for now
        </ModalDialog.CloseButton>
        <ModalDialog.CloseButton
          onClick={[Function]}
          variant="primary"
        >
          Count me in!
        </ModalDialog.CloseButton>
      </ActionRow>
    </ModalDialog.Footer>
  </[object Object]>
</div>
`;
